// Jest Snapshot v1, https://goo.gl/fbAQLP

exports[`Polution redux state tests Expect to display polution data from mockStore 1`] = `[Function]`;
